ApsimVersion = 6.1
summaryfile = test2.sum



