ApsimVersion = 5.4
Title = Test missing LL













































































































































































