APSIM output file, version = 5.4
Title = Test missing LL













































































































































































