APSIM output file, version = 5.3
Title = Test missing LL













































































































































































