Summary_file = test3.sum
Title = Surface Organic Matter Module Test 3
       day      year     residue_wt        fom_c()        fom_n()     fom_c_pool1(1)     fom_c_pool1(2)     fom_c_pool1(3)     fom_c_pool2(1)     fom_c_pool2(2)     fom_c_pool2(3)     fom_c_pool3(1)     fom_c_pool3(2)     fom_c_pool3(3)     fom_n_pool1(1)     fom_n_pool1(2)     fom_n_pool1(3)     fom_n_pool2(1)     fom_n_pool2(2)     fom_n_pool2(3)     fom_n_pool3(1)     fom_n_pool3(2)     fom_n_pool3(3)
     (day)    (year)        (kg/ha)        (kg/ha)        (kg/ha)            (kg/ha)            (kg/ha)            (kg/ha)            (kg/ha)            (kg/ha)            (kg/ha)            (kg/ha)            (kg/ha)            (kg/ha)            (kg/ha)            (kg/ha)            (kg/ha)            (kg/ha)            (kg/ha)            (kg/ha)            (kg/ha)            (kg/ha)            (kg/ha)
         1      1988       3816.000        380.479         19.024             46.365             17.070              6.284            180.270             66.329             24.405             26.447              9.730              3.579              2.318              0.853              0.314              9.014              3.316              1.220              1.322              0.486              0.179
         2      1988       3640.464        361.527         18.076             40.032             14.763              5.443            174.114             64.088             23.588             26.275              9.667              3.557              2.002              0.738              0.272              8.706              3.204              1.179              1.314              0.483              0.178
         3      1988       3473.003        343.181         17.159             34.237             12.659              4.678            167.813             61.805             22.760             26.095              9.602              3.533              1.712              0.633              0.234              8.391              3.090              1.138              1.305              0.480              0.177
         4      1988       3313.245        325.485         16.274             28.992             10.760              3.990            161.386             59.487             21.922             25.905              9.533              3.508              1.450              0.538              0.199              8.069              2.974              1.096              1.295              0.477              0.175
         5      1988       3160.835        308.823         15.441             24.416              9.093              3.377            155.017             57.183             21.081             25.710              9.463              3.483              1.221              0.455              0.169              7.751              2.859              1.054              1.286              0.473              0.174
         6      1988       3015.437        294.633         14.732             20.901              7.729              2.861            149.439             55.039             20.275             25.535              9.396              3.457              1.045              0.386              0.143              7.472              2.752              1.014              1.277              0.470              0.173
         7      1988       2876.727        282.408         14.120             18.137              6.622              2.431            144.499             53.068             19.513             25.374              9.332              3.433              0.907              0.331              0.122              7.225              2.653              0.976              1.269              0.467              0.172
         8      1988       2731.631        271.719         13.586             15.907              5.719              2.074            140.057             51.259             18.797             25.226              9.271              3.409              0.795              0.286              0.104              7.003              2.563              0.940              1.261              0.464              0.170
         9      1988       2579.585        262.096         13.105             14.008              4.992              1.779            135.875             49.630             18.128             25.083              9.215              3.386              0.700              0.250              0.089              6.794              2.482              0.906              1.254              0.461              0.169
        10      1988       1160.813        744.484         37.224             42.529             34.739             31.220            248.483            164.995            133.768             42.037             26.265             20.449              2.126              1.737              1.561             12.424              8.250              6.688              2.102              1.313              1.022
        11      1988       1044.732        714.242         35.712             37.361             30.845             27.118            240.934            160.372            129.373             41.794             26.125             20.321              1.868              1.542              1.356             12.047              8.019              6.469              2.090              1.306              1.016
        12      1988        940.259        686.738         34.337             32.815             27.527             23.697            233.605            156.059            125.293             41.552             25.991             20.200              1.641              1.376              1.185             11.680              7.803              6.265              2.078              1.300              1.010
        13      1988        846.233        661.536         33.077             28.817             24.659             20.824            226.489            151.994            121.495             41.312             25.863             20.083              1.441              1.233              1.041             11.324              7.600              6.075              2.066              1.293              1.004
        14      1988        761.609        638.286         31.914             25.302             22.152             18.391            219.583            148.131            117.946             41.073             25.738             19.972              1.265              1.108              0.920             10.979              7.407              5.897              2.054              1.287              0.999
        15      1988        342.724        617.904         30.895             22.198             20.040             16.679            212.849            144.600            115.201             40.833             25.621             19.884              1.110              1.002              0.834             10.642              7.230              5.760              2.042              1.281              0.994
        16      1988        308.452        598.586         29.929             19.474             18.120             15.125            206.318            141.136            112.518             40.595             25.505             19.796              0.974              0.906              0.756             10.316              7.057              5.626              2.030              1.275              0.990
        17      1988        277.607        580.242         29.012             17.083             16.375             13.713            199.985            137.739            109.892             40.358             25.388             19.708              0.854              0.819              0.686              9.999              6.887              5.495              2.018              1.269              0.985
        18      1988        249.846        562.795         28.140             14.984             14.791             12.430            193.844            134.409            107.322             40.123             25.271             19.620              0.749              0.740              0.622              9.692              6.720              5.366              2.006              1.264              0.981
        19      1988        224.861        546.176         27.309             13.143             13.354             11.264            187.889            131.144            104.805             39.889             25.155             19.533              0.657              0.668              0.563              9.394              6.557              5.240              1.994              1.258              0.977
        20      1988        202.375        530.321         26.516             11.528             12.051             10.204            182.116            127.944            102.339             39.656             25.038             19.445              0.576              0.603              0.510              9.106              6.397              5.117              1.983              1.252              0.972
        21      1988        182.138        515.177         25.759             10.110             10.870              9.241            176.518            124.810             99.924             39.424             24.921             19.358              0.506              0.544              0.462              8.826              6.240              4.996              1.971              1.246              0.968
        22      1988        163.924        500.691         25.035              8.867              9.801              8.365            171.091            121.740             97.557             39.194             24.805             19.271              0.443              0.490              0.418              8.555              6.087              4.878              1.960              1.240              0.964
        23      1988        147.532        486.820         24.341              7.776              8.833              7.570            165.830            118.735             95.238             38.965             24.689             19.184              0.389              0.442              0.378              8.291              5.937              4.762              1.948              1.234              0.959
        24      1988        132.778        473.522         23.676              6.820              7.958              6.848            160.729            115.794             92.967             38.737             24.572             19.097              0.341              0.398              0.342              8.036              5.790              4.648              1.937              1.229              0.955
        25      1988        119.501        460.761         23.038              5.980              7.167              6.192            155.785            112.917             90.742             38.511             24.456             19.010              0.299              0.358              0.310              7.789              5.646              4.537              1.926              1.223              0.951
        26      1988        107.550        448.503         22.425              5.244              6.453              5.597            150.991            110.104             88.563             38.286             24.341             18.924              0.262              0.323              0.280              7.550              5.505              4.428              1.914              1.217              0.946
        27      1988         96.795        436.716         21.836              4.599              5.808              5.058            146.345            107.353             86.430             38.062             24.225             18.837              0.230              0.290              0.253              7.317              5.368              4.322              1.903              1.211              0.942
        28      1988         87.116        425.374         21.269              4.033              5.226              4.569            141.840            104.664             84.342             37.839             24.110             18.751              0.202              0.261              0.228              7.092              5.233              4.217              1.892              1.205              0.938
        29      1988         78.404        414.450         20.722              3.536              4.701              4.126            137.474            102.036             82.298             37.618             23.995             18.664              0.177              0.235              0.206              6.874              5.102              4.115              1.881              1.200              0.933
        30      1988         70.564        403.921         20.196              3.101              4.228              3.725            133.242             99.469             80.299             37.398             23.880             18.578              0.155              0.211              0.186              6.662              4.973              4.015              1.870              1.194              0.929
