ApsimVersion = 6.1
Title = Sample Simulation
            day           year      sw_demand             ep uptake_water_sorghum(1) uptake_water_sorghum(2) uptake_water_sorghum(3) uptake_water_sorghum(4) uptake_water_sorghum(5) uptake_water_sorghum(6) uptake_water_sorghum(7) uptake_water_sorghum(8) uptake_water_sorghum(9) uptake_water_sorghum(10) uptake_water_sorghum(11) uptake_water_sorghum(12) uptake_water_sorghum(13)         RLV(1)         RLV(2)         RLV(3)         RLV(4)         RLV(5)         RLV(6)         RLV(7)         RLV(8)         RLV(9)        RLV(10)        RLV(11)        RLV(12)        RLV(13)
          (day)         (year)           (mm)            (?)                    (mm)                    (mm)                    (mm)                    (mm)                    (mm)                    (mm)                    (mm)                    (mm)                    (mm)                     (mm)                     (mm)                     (mm)                     (mm)       (mm/mm3)       (mm/mm3)       (mm/mm3)       (mm/mm3)       (mm/mm3)       (mm/mm3)       (mm/mm3)       (mm/mm3)       (mm/mm3)       (mm/mm3)       (mm/mm3)       (mm/mm3)       (mm/mm3)
              1           1995          0.000         -0.000                   0.000                   0.000                   0.000                   0.000                   0.000                   0.000                   0.000                   0.000                   0.000                    0.000                    0.000                    0.000                    0.000          0.000          0.000          0.000          0.000          0.000          0.000          0.000          0.000          0.000          0.000          0.000          0.000          0.000
