Running 4 test cases...
Exception in "TestVariables": std::runtime_error: No component responded to a 'get' for variable: sum(sw(3-4))
