ApsimVersion = 6.1
Title = Test missing LL













































































































































































